Archive member included to satisfy reference by file (symbol)

.\CortexM3\ARM_GCC_541\Debug\G.a(UART_1.o)
                              .\CortexM3\ARM_GCC_541\Debug\main.o (UART_1_Start)
.\CortexM3\ARM_GCC_541\Debug\G.a(UART_1_IntClock.o)
                              .\CortexM3\ARM_GCC_541\Debug\G.a(UART_1.o) (UART_1_IntClock_Start)
.\CortexM3\ARM_GCC_541\Debug\G.a(CyLib.o)
                              .\CortexM3\ARM_GCC_541\Debug\Cm3Start.o (CyHalt)
.\CortexM3\ARM_GCC_541\Debug\G.a(cyPm.o)
                              .\CortexM3\ARM_GCC_541\Debug\G.a(CyLib.o) (CyPmReadStatus)
.\CortexM3\ARM_GCC_541\Debug\G.a(ADC_SAR_1.o)
                              .\CortexM3\ARM_GCC_541\Debug\main.o (ADC_SAR_1_Start)
.\CortexM3\ARM_GCC_541\Debug\G.a(ADC_SAR_1_INT.o)
                              .\CortexM3\ARM_GCC_541\Debug\G.a(ADC_SAR_1.o) (ADC_SAR_1_ISR)
.\CortexM3\ARM_GCC_541\Debug\G.a(ADC_SAR_1_theACLK.o)
                              .\CortexM3\ARM_GCC_541\Debug\G.a(ADC_SAR_1.o) (ADC_SAR_1_theACLK_SetModeRegister)
.\CortexM3\ARM_GCC_541\Debug\G.a(Control_Reg_1.o)
                              .\CortexM3\ARM_GCC_541\Debug\main.o (Control_Reg_1_Write)
.\CortexM3\ARM_GCC_541\Debug\G.a(Control_Reg_2.o)
                              .\CortexM3\ARM_GCC_541\Debug\main.o (Control_Reg_2_Write)
.\CortexM3\ARM_GCC_541\Debug\G.a(PWM_1.o)
                              .\CortexM3\ARM_GCC_541\Debug\main.o (PWM_1_WriteCompare)
.\CortexM3\ARM_GCC_541\Debug\G.a(CyBootAsmGnu.o)
                              .\CortexM3\ARM_GCC_541\Debug\cyfitter_cfg.o (CyDelayCycles)
.\CortexM3\ARM_GCC_541\Debug\G.a(CyFlash.o)
                              .\CortexM3\ARM_GCC_541\Debug\G.a(cyPm.o) (CyFlash_SetWaitCycles)
.\CortexM3\ARM_GCC_541\Debug\G.a(CySpc.o)
                              .\CortexM3\ARM_GCC_541\Debug\G.a(CyFlash.o) (CySpcStart)
c:/program files (x86)/cypress/psoc creator/4.4/psoc creator/import/gnu/arm/5.4.1/bin/../lib/gcc/arm-none-eabi/5.4.1/armv7-m\libgcc.a(_arm_addsubsf3.o)
                              .\CortexM3\ARM_GCC_541\Debug\G.a(ADC_SAR_1.o) (__aeabi_i2f)
c:/program files (x86)/cypress/psoc creator/4.4/psoc creator/import/gnu/arm/5.4.1/bin/../lib/gcc/arm-none-eabi/5.4.1/armv7-m\libgcc.a(_arm_muldivsf3.o)
                              .\CortexM3\ARM_GCC_541\Debug\G.a(ADC_SAR_1.o) (__aeabi_fmul)
c:/program files (x86)/cypress/psoc creator/4.4/psoc creator/import/gnu/arm/5.4.1/bin/../lib/gcc/arm-none-eabi/5.4.1/armv7-m\libgcc.a(_aeabi_ldivmod.o)
                              .\CortexM3\ARM_GCC_541\Debug\G.a(ADC_SAR_1.o) (__aeabi_ldivmod)
c:/program files (x86)/cypress/psoc creator/4.4/psoc creator/import/gnu/arm/5.4.1/bin/../lib/gcc/arm-none-eabi/5.4.1/armv7-m\libgcc.a(_udivmoddi4.o)
                              c:/program files (x86)/cypress/psoc creator/4.4/psoc creator/import/gnu/arm/5.4.1/bin/../lib/gcc/arm-none-eabi/5.4.1/armv7-m\libgcc.a(_aeabi_ldivmod.o) (__udivmoddi4)
c:/program files (x86)/cypress/psoc creator/4.4/psoc creator/import/gnu/arm/5.4.1/bin/../lib/gcc/arm-none-eabi/5.4.1/armv7-m\libgcc.a(_dvmd_tls.o)
                              c:/program files (x86)/cypress/psoc creator/4.4/psoc creator/import/gnu/arm/5.4.1/bin/../lib/gcc/arm-none-eabi/5.4.1/armv7-m\libgcc.a(_aeabi_ldivmod.o) (__aeabi_ldiv0)
c:/program files (x86)/cypress/psoc creator/4.4/psoc creator/import/gnu/arm/5.4.1/bin/../lib/gcc/arm-none-eabi/5.4.1/../../../../arm-none-eabi/lib/armv7-m\libg_nano.a(lib_a-errno.o)
                              .\CortexM3\ARM_GCC_541\Debug\Cm3Start.o (__errno)
c:/program files (x86)/cypress/psoc creator/4.4/psoc creator/import/gnu/arm/5.4.1/bin/../lib/gcc/arm-none-eabi/5.4.1/../../../../arm-none-eabi/lib/armv7-m\libg_nano.a(lib_a-exit.o)
                              c:/program files (x86)/cypress/psoc creator/4.4/psoc creator/import/gnu/arm/5.4.1/bin/../lib/gcc/arm-none-eabi/5.4.1/../../../../arm-none-eabi/lib/armv7-m/crt0.o (exit)
c:/program files (x86)/cypress/psoc creator/4.4/psoc creator/import/gnu/arm/5.4.1/bin/../lib/gcc/arm-none-eabi/5.4.1/../../../../arm-none-eabi/lib/armv7-m\libg_nano.a(lib_a-impure.o)
                              c:/program files (x86)/cypress/psoc creator/4.4/psoc creator/import/gnu/arm/5.4.1/bin/../lib/gcc/arm-none-eabi/5.4.1/../../../../arm-none-eabi/lib/armv7-m\libg_nano.a(lib_a-exit.o) (_global_impure_ptr)
c:/program files (x86)/cypress/psoc creator/4.4/psoc creator/import/gnu/arm/5.4.1/bin/../lib/gcc/arm-none-eabi/5.4.1/../../../../arm-none-eabi/lib/armv7-m\libg_nano.a(lib_a-init.o)
                              c:/program files (x86)/cypress/psoc creator/4.4/psoc creator/import/gnu/arm/5.4.1/bin/../lib/gcc/arm-none-eabi/5.4.1/../../../../arm-none-eabi/lib/armv7-m/crt0.o (__libc_init_array)
c:/program files (x86)/cypress/psoc creator/4.4/psoc creator/import/gnu/arm/5.4.1/bin/../lib/gcc/arm-none-eabi/5.4.1/../../../../arm-none-eabi/lib/armv7-m\libg_nano.a(lib_a-memcpy-stub.o)
                              .\CortexM3\ARM_GCC_541\Debug\cyfitter_cfg.o (memcpy)
[...]
Memory Configuration

Name             Origin             Length             Attributes
rom              0x00000000         0x00040000         xr
ram              0x1fff8000         0x00010000         xrw
*default*        0x00000000         0xffffffff

Linker script and memory map

LOAD c:/program files (x86)/cypress/psoc creator/4.4/psoc creator/import/gnu/arm/5.4.1/bin/../lib/gcc/arm-none-eabi/5.4.1/armv7-m/crti.o
LOAD c:/program files (x86)/cypress/psoc creator/4.4/psoc creator/import/gnu/arm/5.4.1/bin/../lib/gcc/arm-none-eabi/5.4.1/armv7-m/crtbegin.o
LOAD c:/program files (x86)/cypress/psoc creator/4.4/psoc creator/import/gnu/arm/5.4.1/bin/../lib/gcc/arm-none-eabi/5.4.1/../../../../arm-none-eabi/lib/armv7-m/crt0.o
START GROUP
LOAD .\CortexM3\ARM_GCC_541\Debug\main.o
LOAD .\CortexM3\ARM_GCC_541\Debug\cyfitter_cfg.o
LOAD .\CortexM3\ARM_GCC_541\Debug\cymetadata.o
LOAD .\CortexM3\ARM_GCC_541\Debug\Cm3Start.o
LOAD .\CortexM3\ARM_GCC_541\Debug\G.a
LOAD C:\Program Files (x86)\Cypress\PSoC Creator\4.4\PSoC Creator\psoc\content\cycomponentlibrary\CyComponentLibrary.cylib\CortexM3\ARM_GCC_541\Debug\CyComponentLibrary.a
END GROUP
START GROUP
LOAD c:/program files (x86)/cypress/psoc creator/4.4/psoc creator/import/gnu/arm/5.4.1/bin/../lib/gcc/arm-none-eabi/5.4.1/armv7-m\libgcc.a
LOAD c:/program files (x86)/cypress/psoc creator/4.4/psoc creator/import/gnu/arm/5.4.1/bin/../lib/gcc/arm-none-eabi/5.4.1/../../../../arm-none-eabi/lib/armv7-m\libg_nano.a
LOAD c:/program files (x86)/cypress/psoc creator/4.4/psoc creator/import/gnu/arm/5.4.1/bin/../lib/gcc/arm-none-eabi/5.4.1/../../../../arm-none-eabi/lib/armv7-m\libc_nano.a
END GROUP
START GROUP
LOAD c:/program files (x86)/cypress/psoc creator/4.4/psoc creator/import/gnu/arm/5.4.1/bin/../lib/gcc/arm-none-eabi/5.4.1/armv7-m\libgcc.a
LOAD c:/program files (x86)/cypress/psoc creator/4.4/psoc creator/import/gnu/arm/5.4.1/bin/../lib/gcc/arm-none-eabi/5.4.1/../../../../arm-none-eabi/lib/armv7-m\libc_nano.a
END GROUP
LOAD c:/program files (x86)/cypress/psoc creator/4.4/psoc creator/import/gnu/arm/5.4.1/bin/../lib/gcc/arm-none-eabi/5.4.1/armv7-m/crtend.o
LOAD c:/program files (x86)/cypress/psoc creator/4.4/psoc creator/import/gnu/arm/5.4.1/bin/../lib/gcc/arm-none-eabi/5.4.1/armv7-m/crtn.o
START GROUP
LOAD c:/program files (x86)/cypress/psoc creator/4.4/psoc creator/import/gnu/arm/5.4.1/bin/../lib/gcc/arm-none-eabi/5.4.1/armv7-m\libgcc.a
LOAD c:/program files (x86)/cypress/psoc creator/4.4/psoc creator/import/gnu/arm/5.4.1/bin/../lib/gcc/arm-none-eabi/5.4.1/../../../../arm-none-eabi/lib/armv7-m\libc.a
LOAD c:/program files (x86)/cypress/psoc creator/4.4/psoc creator/import/gnu/arm/5.4.1/bin/../lib/gcc/arm-none-eabi/5.4.1/../../../../arm-none-eabi/lib/armv7-m\libnosys.a
END GROUP
                0x00000000                CY_APPL_ORIGIN = 0x0
                0x00000100                CY_FLASH_ROW_SIZE = 0x100
                0x00000020                CY_ECC_ROW_SIZE = 0x20
                0x00000000                CY_EE_IN_BTLDR = 0x0
                0x00000000                CY_APPL_LOADABLE = 0x0
                0x00000800                CY_EE_SIZE = 0x800
                0x00000001                CY_APPL_NUM = 0x1
                0x00000001                CY_APPL_MAX = 0x1
                0x00000040                CY_METADATA_SIZE = 0x40
                0x00000000                CY_APPL_LOADABLE = 0x0
                0x00000000                CY_CHECKSUM_EXCLUDE_SIZE = ALIGN (0x0, CY_FLASH_ROW_SIZE)
                [!provide]                PROVIDE (__cy_heap_start, _end)
                0x00000001                PROVIDE (__cy_region_num, ((__cy_regions_end - __cy_regions) / 0x10))
                0x20008000                PROVIDE (__cy_stack, (ORIGIN (ram) + LENGTH (ram)))
                [!provide]                PROVIDE (__cy_heap_end, (__cy_stack - 0x800))

.cybootloader   0x00000000        0x0
 *(.cybootloader)
                0x00000000                appl1_start = CY_APPL_ORIGIN?CY_APPL_ORIGIN:ALIGN (CY_FLASH_ROW_SIZE)
                0x0001ff00                appl2_start = (appl1_start + ALIGN ((((LENGTH (rom) - appl1_start) - (0x2 * CY_FLASH_ROW_SIZE)) / 0x2), CY_FLASH_ROW_SIZE))
                0x00000000                appl_start = (CY_APPL_NUM == 0x1)?appl1_start:appl2_start
                0x00000000                ecc_offset = ((appl_start / CY_FLASH_ROW_SIZE) * CY_ECC_ROW_SIZE)
                0x00000000                ee_offset = (CY_APPL_LOADABLE && ! (CY_EE_IN_BTLDR))?((CY_EE_SIZE / CY_APPL_MAX) * (CY_APPL_NUM - 0x1)):0x0
                0x00000800                ee_size = (CY_APPL_LOADABLE && ! (CY_EE_IN_BTLDR))?(CY_EE_SIZE / CY_APPL_MAX):CY_EE_SIZE
                [!provide]                PROVIDE (CY_ECC_OFFSET, ecc_offset)

.text           0x00000000     0x11d8
 CREATE_OBJECT_SYMBOLS
                0x00000000                PROVIDE (__cy_interrupt_vector, RomVectors)
 *(.romvectors)
 .romvectors    0x00000000       0x10 .\CortexM3\ARM_GCC_541\Debug\Cm3Start.o
                0x00000000                RomVectors
                0x00000001                ASSERT ((. != __cy_interrupt_vector), No interrupt vector)
                0x00000001                ASSERT (CY_APPL_ORIGIN?(SIZEOF (.cybootloader) <= CY_APPL_ORIGIN):0x1, Wrong image location)
                0x00000010                PROVIDE (__cy_reset, Reset)
 *(.text.Reset)
 .text.Reset    0x00000010       0x18 .\CortexM3\ARM_GCC_541\Debug\Cm3Start.o
                0x00000010                Reset
                0x00000001                ASSERT ((. != __cy_reset), No reset code)
 *(.dma_init)
                0x00000001                ASSERT ((((appl_start + .) <= 0x10000) || 0x1), DMA Init must be within the first 64k of flash)
 *(.text .text.* .gnu.linkonce.t.*)
 .text          0x00000028       0x5c c:/program files (x86)/cypress/psoc creator/4.4/psoc creator/import/gnu/arm/5.4.1/bin/../lib/gcc/arm-none-eabi/5.4.1/armv7-m/crtbegin.o
 .text.convertInt
                0x00000084       0x1c .\CortexM3\ARM_GCC_541\Debug\main.o
                0x00000084                convertInt
 .text.main     0x000000a0       0x54 .\CortexM3\ARM_GCC_541\Debug\main.o
                0x000000a0                main
 .text.CyClockStartupError
                0x000000f4        0x4 .\CortexM3\ARM_GCC_541\Debug\cyfitter_cfg.o
 .text.cfg_write_bytes32
                0x000000f8       0x34 .\CortexM3\ARM_GCC_541\Debug\cyfitter_cfg.o
 .text.CYMEMZERO
                0x0000012c        0xc .\CortexM3\ARM_GCC_541\Debug\cyfitter_cfg.o
 .text.AnalogSetDefault
                0x00000138       0x7c .\CortexM3\ARM_GCC_541\Debug\cyfitter_cfg.o
 .text.CYCONFIGCPY
                0x000001b4        0x8 .\CortexM3\ARM_GCC_541\Debug\cyfitter_cfg.o
 .text.ClockSetup
                0x000001bc       0xf4 .\CortexM3\ARM_GCC_541\Debug\cyfitter_cfg.o
 .text.cyfitter_cfg
                0x000002b0      0x100 .\CortexM3\ARM_GCC_541\Debug\cyfitter_cfg.o
                0x000002b0                cyfitter_cfg
 .text.IntDefaultHandler
                0x000003b0       0x10 .\CortexM3\ARM_GCC_541\Debug\Cm3Start.o
                0x000003b0                IntDefaultHandler
 .text._sbrk    0x000003c0       0x30 .\CortexM3\ARM_GCC_541\Debug\Cm3Start.o
                0x000003c0                _sbrk
 .text.Start_c  0x000003f0       0x4c .\CortexM3\ARM_GCC_541\Debug\Cm3Start.o
                0x000003f0                Start_c
 .text.initialize_psoc
                0x0000043c       0x68 .\CortexM3\ARM_GCC_541\Debug\Cm3Start.o
                0x0000043c                initialize_psoc
 .text.UART_1_Init
                0x000004a4       0x24 .\CortexM3\ARM_GCC_541\Debug\G.a(UART_1.o)
                0x000004a4                UART_1_Init
 .text.UART_1_Enable
                0x000004c8       0x38 .\CortexM3\ARM_GCC_541\Debug\G.a(UART_1.o)
                0x000004c8                UART_1_Enable
 .text.UART_1_Start
                0x00000500       0x1c .\CortexM3\ARM_GCC_541\Debug\G.a(UART_1.o)
                0x00000500                UART_1_Start
 .text.UART_1_PutChar
                0x0000051c       0x18 .\CortexM3\ARM_GCC_541\Debug\G.a(UART_1.o)
                0x0000051c                UART_1_PutChar
 .text.UART_1_PutString
                0x00000534       0x24 .\CortexM3\ARM_GCC_541\Debug\G.a(UART_1.o)
                0x00000534                UART_1_PutString
 .text.UART_1_IntClock_Start
                0x00000558       0x1c .\CortexM3\ARM_GCC_541\Debug\G.a(UART_1_IntClock.o)
                0x00000558                UART_1_IntClock_Start
 .text.CyHalt   0x00000574        0x4 .\CortexM3\ARM_GCC_541\Debug\G.a(CyLib.o)
                0x00000574                CyHalt
 .text.CyDelay  0x00000578       0x2c .\CortexM3\ARM_GCC_541\Debug\G.a(CyLib.o)
                0x00000578                CyDelay
 .text.CyDelayUs
                0x000005a4       0x14 .\CortexM3\ARM_GCC_541\Debug\G.a(CyLib.o)
                0x000005a4                CyDelayUs
 .text.CyIntSetVector
                0x000005b8       0x28 .\CortexM3\ARM_GCC_541\Debug\G.a(CyLib.o)
                0x000005b8                CyIntSetVector
 .text.CyIntSetPriority
                0x000005e0       0x30 .\CortexM3\ARM_GCC_541\Debug\G.a(CyLib.o)
                0x000005e0                CyIntSetPriority
 .text.ADC_SAR_1_CalcGain
                0x00000610       0x64 .\CortexM3\ARM_GCC_541\Debug\G.a(ADC_SAR_1.o)
 .text.ADC_SAR_1_Enable
                0x00000674       0x94 .\CortexM3\ARM_GCC_541\Debug\G.a(ADC_SAR_1.o)
                0x00000674                ADC_SAR_1_Enable
 .text.ADC_SAR_1_SetResolution
                0x00000708       0x38 .\CortexM3\ARM_GCC_541\Debug\G.a(ADC_SAR_1.o)
                0x00000708                ADC_SAR_1_SetResolution
 .text.ADC_SAR_1_Init
                0x00000740       0x3c .\CortexM3\ARM_GCC_541\Debug\G.a(ADC_SAR_1.o)
                0x00000740                ADC_SAR_1_Init
 .text.ADC_SAR_1_Start
                0x0000077c       0x1c .\CortexM3\ARM_GCC_541\Debug\G.a(ADC_SAR_1.o)
                0x0000077c                ADC_SAR_1_Start
 .text.ADC_SAR_1_StartConvert
                0x00000798       0x10 .\CortexM3\ARM_GCC_541\Debug\G.a(ADC_SAR_1.o)
                0x00000798                ADC_SAR_1_StartConvert
 .text.ADC_SAR_1_IsEndConversion
                0x000007a8       0x24 .\CortexM3\ARM_GCC_541\Debug\G.a(ADC_SAR_1.o)
                0x000007a8                ADC_SAR_1_IsEndConversion
 .text.ADC_SAR_1_GetResult16
                0x000007cc       0x18 .\CortexM3\ARM_GCC_541\Debug\G.a(ADC_SAR_1.o)
                0x000007cc                ADC_SAR_1_GetResult16
 .text.ADC_SAR_1_ISR
                0x000007e4        0x4 .\CortexM3\ARM_GCC_541\Debug\G.a(ADC_SAR_1_INT.o)
                0x000007e4                ADC_SAR_1_ISR
 .text.ADC_SAR_1_theACLK_SetModeRegister
                0x000007e8       0x14 .\CortexM3\ARM_GCC_541\Debug\G.a(ADC_SAR_1_theACLK.o)
                0x000007e8                ADC_SAR_1_theACLK_SetModeRegister
 .text.Control_Reg_1_Write
                0x000007fc        0xc .\CortexM3\ARM_GCC_541\Debug\G.a(Control_Reg_1.o)
                0x000007fc                Control_Reg_1_Write
 .text.Control_Reg_2_Write
                0x00000808        0xc .\CortexM3\ARM_GCC_541\Debug\G.a(Control_Reg_2.o)
                0x00000808                Control_Reg_2_Write
 .text.PWM_1_Enable
                0x00000814       0x10 .\CortexM3\ARM_GCC_541\Debug\G.a(PWM_1.o)
                0x00000814                PWM_1_Enable
 .text.PWM_1_WriteCounter
                0x00000824        0xc .\CortexM3\ARM_GCC_541\Debug\G.a(PWM_1.o)
                0x00000824                PWM_1_WriteCounter
 .text.PWM_1_WritePeriod
                0x00000830        0xc .\CortexM3\ARM_GCC_541\Debug\G.a(PWM_1.o)
                0x00000830                PWM_1_WritePeriod
 .text.PWM_1_WriteCompare
                0x0000083c        0xc .\CortexM3\ARM_GCC_541\Debug\G.a(PWM_1.o)
                0x0000083c                PWM_1_WriteCompare
 .text.PWM_1_SetInterruptMode
                0x00000848        0xc .\CortexM3\ARM_GCC_541\Debug\G.a(PWM_1.o)
                0x00000848                PWM_1_SetInterruptMode
 .text.PWM_1_ReadStatusRegister
                0x00000854        0xc .\CortexM3\ARM_GCC_541\Debug\G.a(PWM_1.o)
                0x00000854                PWM_1_ReadStatusRegister
 .text.PWM_1_ReadCapture
                0x00000860        0xc .\CortexM3\ARM_GCC_541\Debug\G.a(PWM_1.o)
                0x00000860                PWM_1_ReadCapture
 .text.PWM_1_ClearFIFO
                0x0000086c       0x14 .\CortexM3\ARM_GCC_541\Debug\G.a(PWM_1.o)
                0x0000086c                PWM_1_ClearFIFO
 .text.PWM_1_Init
                0x00000880       0x54 .\CortexM3\ARM_GCC_541\Debug\G.a(PWM_1.o)
                0x00000880                PWM_1_Init
 .text.PWM_1_Start
                0x000008d4       0x1c .\CortexM3\ARM_GCC_541\Debug\G.a(PWM_1.o)
                0x000008d4                PWM_1_Start
 .text          0x000008f0       0x20 .\CortexM3\ARM_GCC_541\Debug\G.a(CyBootAsmGnu.o)
                0x000008f0                CyDelayCycles
                0x00000900                CyEnterCriticalSection
                0x00000908                CyExitCriticalSection
 .text.__errno  0x00000910        0xc c:/program files (x86)/cypress/psoc creator/4.4/psoc creator/import/gnu/arm/5.4.1/bin/../lib/gcc/arm-none-eabi/5.4.1/../../../../arm-none-eabi/lib/armv7-m\libg_nano.a(lib_a-errno.o)
                0x00000910                __errno
 .text.__libc_init_array
                0x0000091c       0x4c c:/program files (x86)/cypress/psoc creator/4.4/psoc creator/import/gnu/arm/5.4.1/bin/../lib/gcc/arm-none-eabi/5.4.1/../../../../arm-none-eabi/lib/armv7-m\libg_nano.a(lib_a-init.o)
                0x0000091c                __libc_init_array
 .text.memcpy   0x00000968       0x16 c:/program files (x86)/cypress/psoc creator/4.4/psoc creator/import/gnu/arm/5.4.1/bin/../lib/gcc/arm-none-eabi/5.4.1/../../../../arm-none-eabi/lib/armv7-m\libg_nano.a(lib_a-memcpy-stub.o)
                0x00000968                memcpy
 .text.memset   0x0000097e       0x10 c:/program files (x86)/cypress/psoc creator/4.4/psoc creator/import/gnu/arm/5.4.1/bin/../lib/gcc/arm-none-eabi/5.4.1/../../../../arm-none-eabi/lib/armv7-m\libg_nano.a(lib_a-memset.o)
                0x0000097e                memset
 *fill*         0x0000098e        0x2 
 .text.sprintf  0x00000990       0x48 c:/program files (x86)/cypress/psoc creator/4.4/psoc creator/import/gnu/arm/5.4.1/bin/../lib/gcc/arm-none-eabi/5.4.1/../../../../arm-none-eabi/lib/armv7-m\libg_nano.a(lib_a-sprintf.o)
                0x00000990                siprintf
                0x00000990                sprintf
 .text.__ssputs_r
                0x000009d8       0xb2 c:/program files (x86)/cypress/psoc creator/4.4/psoc creator/import/gnu/arm/5.4.1/bin/../lib/gcc/arm-none-eabi/5.4.1/../../../../arm-none-eabi/lib/armv7-m\libg_nano.a(lib_a-nano-svfprintf.o)
                0x000009d8                __ssputs_r
 *fill*         0x00000a8a        0x2 
 .text._svfprintf_r
                0x00000a8c      0x1e8 c:/program files (x86)/cypress/psoc creator/4.4/psoc creator/import/gnu/arm/5.4.1/bin/../lib/gcc/arm-none-eabi/5.4.1/../../../../arm-none-eabi/lib/armv7-m\libg_nano.a(lib_a-nano-svfprintf.o)
                0x00000a8c                _svfiprintf_r
                0x00000a8c                _svfprintf_r
 .text._printf_common
                0x00000c74       0xec c:/program files (x86)/cypress/psoc creator/4.4/psoc creator/import/gnu/arm/5.4.1/bin/../lib/gcc/arm-none-eabi/5.4.1/../../../../arm-none-eabi/lib/armv7-m\libg_nano.a(lib_a-nano-vfprintf_i.o)
                0x00000c74                _printf_common
 .text._printf_i
                0x00000d60      0x24c c:/program files (x86)/cypress/psoc creator/4.4/psoc creator/import/gnu/arm/5.4.1/bin/../lib/gcc/arm-none-eabi/5.4.1/../../../../arm-none-eabi/lib/armv7-m\libg_nano.a(lib_a-nano-vfprintf_i.o)
                0x00000d60                _printf_i
 .text.memchr   0x00000fac       0x1c c:/program files (x86)/cypress/psoc creator/4.4/psoc creator/import/gnu/arm/5.4.1/bin/../lib/gcc/arm-none-eabi/5.4.1/../../../../arm-none-eabi/lib/armv7-m\libg_nano.a(lib_a-memchr-stub.o)
                0x00000fac                memchr
 .text.memmove  0x00000fc8       0x36 c:/program files (x86)/cypress/psoc creator/4.4/psoc creator/import/gnu/arm/5.4.1/bin/../lib/gcc/arm-none-eabi/5.4.1/../../../../arm-none-eabi/lib/armv7-m\libg_nano.a(lib_a-memmove.o)
                0x00000fc8                memmove
 *fill*         0x00000ffe        0x2 
 .text._free_r  0x00001000       0x98 c:/program files (x86)/cypress/psoc creator/4.4/psoc creator/import/gnu/arm/5.4.1/bin/../lib/gcc/arm-none-eabi/5.4.1/../../../../arm-none-eabi/lib/armv7-m\libg_nano.a(lib_a-nano-freer.o)
                0x00001000                _free_r
 .text._malloc_r
                0x00001098       0xbc c:/program files (x86)/cypress/psoc creator/4.4/psoc creator/import/gnu/arm/5.4.1/bin/../lib/gcc/arm-none-eabi/5.4.1/../../../../arm-none-eabi/lib/armv7-m\libg_nano.a(lib_a-nano-mallocr.o)
                0x00001098                _malloc_r
 .text._realloc_r
                0x00001154       0x4c c:/program files (x86)/cypress/psoc creator/4.4/psoc creator/import/gnu/arm/5.4.1/bin/../lib/gcc/arm-none-eabi/5.4.1/../../../../arm-none-eabi/lib/armv7-m\libg_nano.a(lib_a-nano-reallocr.o)
                0x00001154                _realloc_r
 .text._sbrk_r  0x000011a0       0x20 c:/program files (x86)/cypress/psoc creator/4.4/psoc creator/import/gnu/arm/5.4.1/bin/../lib/gcc/arm-none-eabi/5.4.1/../../../../arm-none-eabi/lib/armv7-m\libg_nano.a(lib_a-sbrkr.o)
                0x000011a0                _sbrk_r
 .text.__malloc_lock
                0x000011c0        0x2 c:/program files (x86)/cypress/psoc creator/4.4/psoc creator/import/gnu/arm/5.4.1/bin/../lib/gcc/arm-none-eabi/5.4.1/../../../../arm-none-eabi/lib/armv7-m\libg_nano.a(lib_a-mlock.o)
                0x000011c0                __malloc_lock
 .text.__malloc_unlock
                0x000011c2        0x2 c:/program files (x86)/cypress/psoc creator/4.4/psoc creator/import/gnu/arm/5.4.1/bin/../lib/gcc/arm-none-eabi/5.4.1/../../../../arm-none-eabi/lib/armv7-m\libg_nano.a(lib_a-mlock.o)
                0x000011c2                __malloc_unlock
 .text._malloc_usable_size_r
                0x000011c4       0x14 c:/program files (x86)/cypress/psoc creator/4.4/psoc creator/import/gnu/arm/5.4.1/bin/../lib/gcc/arm-none-eabi/5.4.1/../../../../arm-none-eabi/lib/armv7-m\libg_nano.a(lib_a-nano-msizer.o)
                0x000011c4                _malloc_usable_size_r
 *(.plt)
 *(.gnu.warning)
 *(.glue_7t)
 .glue_7t       0x000011d8        0x0 linker stubs
 *(.glue_7)
 .glue_7        0x000011d8        0x0 linker stubs
 *(.vfp11_veneer)
 .vfp11_veneer  0x000011d8        0x0 linker stubs
 *(.bootloader)
 *(.ARM.extab* .gnu.linkonce.armextab.*)
 *(.gcc_except_table)

.v4_bx          0x000011d8        0x0
 .v4_bx         0x000011d8        0x0 linker stubs

.iplt           0x000011d8        0x0
 .iplt          0x000011d8        0x0 c:/program files (x86)/cypress/psoc creator/4.4/psoc creator/import/gnu/arm/5.4.1/bin/../lib/gcc/arm-none-eabi/5.4.1/armv7-m/crtbegin.o

.eh_frame_hdr
 *(.eh_frame_hdr)

.eh_frame       0x000011d8        0x4
 *(.eh_frame)
 .eh_frame      0x000011d8        0x0 c:/program files (x86)/cypress/psoc creator/4.4/psoc creator/import/gnu/arm/5.4.1/bin/../lib/gcc/arm-none-eabi/5.4.1/armv7-m/crtbegin.o
 .eh_frame      0x000011d8        0x4 c:/program files (x86)/cypress/psoc creator/4.4/psoc creator/import/gnu/arm/5.4.1/bin/../lib/gcc/arm-none-eabi/5.4.1/armv7-m/crtend.o
                [!provide]                PROVIDE (__exidx_start, .)

.ARM.exidx
 *(.ARM.exidx* .gnu.linkonce.armexidx.*)
                0x000011dc                __exidx_end = .

.rodata         0x000011dc       0x9c
 *(.rodata .rodata.* .gnu.linkonce.r.*)
 .rodata.str1.4
                0x000011dc        0x8 .\CortexM3\ARM_GCC_541\Debug\main.o
                                  0x7 (size before relaxing)
 .rodata        0x000011e4       0x2a .\CortexM3\ARM_GCC_541\Debug\cyfitter_cfg.o
 .rodata.str1.1
                0x0000120e        0x2 c:/program files (x86)/cypress/psoc creator/4.4/psoc creator/import/gnu/arm/5.4.1/bin/../lib/gcc/arm-none-eabi/5.4.1/../../../../arm-none-eabi/lib/armv7-m\libg_nano.a(lib_a-impure.o)
 .rodata.str1.1
                0x00001210       0x11 c:/program files (x86)/cypress/psoc creator/4.4/psoc creator/import/gnu/arm/5.4.1/bin/../lib/gcc/arm-none-eabi/5.4.1/../../../../arm-none-eabi/lib/armv7-m\libg_nano.a(lib_a-nano-svfprintf.o)
 .rodata.str1.1
                0x00001221       0x22 c:/program files (x86)/cypress/psoc creator/4.4/psoc creator/import/gnu/arm/5.4.1/bin/../lib/gcc/arm-none-eabi/5.4.1/../../../../arm-none-eabi/lib/armv7-m\libg_nano.a(lib_a-nano-vfprintf_i.o)
                0x00001244                . = ALIGN (0x4)
 *fill*         0x00001243        0x1 
 *(.init)
 .init          0x00001244        0x4 c:/program files (x86)/cypress/psoc creator/4.4/psoc creator/import/gnu/arm/5.4.1/bin/../lib/gcc/arm-none-eabi/5.4.1/armv7-m/crti.o
                0x00001244                _init
 .init          0x00001248        0x8 c:/program files (x86)/cypress/psoc creator/4.4/psoc creator/import/gnu/arm/5.4.1/bin/../lib/gcc/arm-none-eabi/5.4.1/armv7-m/crtn.o
                0x00001250                . = ALIGN (0x4)
                0x00001250                __preinit_array_start = .
 *(.preinit_array)
                0x00001250                __preinit_array_end = .
                0x00001250                . = ALIGN (0x4)
                0x00001250                __init_array_start = .
 *(SORT(.init_array.*))
 *(.init_array)
 .init_array    0x00001250        0x4 c:/program files (x86)/cypress/psoc creator/4.4/psoc creator/import/gnu/arm/5.4.1/bin/../lib/gcc/arm-none-eabi/5.4.1/armv7-m/crtbegin.o
 .init_array    0x00001254        0x4 .\CortexM3\ARM_GCC_541\Debug\Cm3Start.o
                0x00001258                __init_array_end = .
                0x00001258                . = ALIGN (0x4)
 *(.fini)
 .fini          0x00001258        0x4 c:/program files (x86)/cypress/psoc creator/4.4/psoc creator/import/gnu/arm/5.4.1/bin/../lib/gcc/arm-none-eabi/5.4.1/armv7-m/crti.o
                0x00001258                _fini
 .fini          0x0000125c        0x8 c:/program files (x86)/cypress/psoc creator/4.4/psoc creator/import/gnu/arm/5.4.1/bin/../lib/gcc/arm-none-eabi/5.4.1/armv7-m/crtn.o
                0x00001264                . = ALIGN (0x4)
                0x00001264                __fini_array_start = .
 *(.fini_array)
 .fini_array    0x00001264        0x4 c:/program files (x86)/cypress/psoc creator/4.4/psoc creator/import/gnu/arm/5.4.1/bin/../lib/gcc/arm-none-eabi/5.4.1/armv7-m/crtbegin.o
 *(SORT(.fini_array.*))
                0x00001268                __fini_array_end = .
                0x00001268                . = ALIGN (0x4)
 *crtbegin.o(.ctors)
 *(EXCLUDE_FILE(*crtend.o) .ctors)
 *(SORT(.ctors.*))
 *crtend.o(.ctors)
                0x00001268                . = ALIGN (0x4)
 *crtbegin.o(.dtors)
 *(EXCLUDE_FILE(*crtend.o) .dtors)
 *(SORT(.dtors.*))
 *crtend.o(.dtors)
                0x00001268                . = ALIGN (0x4)
                0x00001268                __cy_regions = .
                0x00001268        0x4 LONG 0x1278 __cy_region_init_ram
                0x0000126c        0x4 LONG 0x1fff80c8 __cy_region_start_data
                0x00001270        0x4 LONG 0x80 __cy_region_init_size_ram
                0x00001274        0x4 LONG 0x48 __cy_region_zero_size_ram
                0x00001278                __cy_regions_end = .
                0x00001278                . = ALIGN (0x8)
                0x00001278                _etext = .

.cy_checksum_exclude
                0x00001278        0x0
 *(.cy_checksum_exclude)

.ramvectors     0x1fff8000       0xc0
                0x1fff8000                __cy_region_start_ram = .
 *(.ramvectors)
 .ramvectors    0x1fff8000       0xc0 .\CortexM3\ARM_GCC_541\Debug\Cm3Start.o
                0x1fff8000                CyRamVectors

.noinit         0x1fff80c0        0x1
 *(.noinit)
 .noinit        0x1fff80c0        0x1 .\CortexM3\ARM_GCC_541\Debug\G.a(CyLib.o)
                0x1fff80c0                CyResetStatus

.data           0x1fff80c8       0x80 load address 0x00001278
                0x1fff80c8                __cy_region_start_data = .
 *(.jcr)
 .jcr           0x1fff80c8        0x0 c:/program files (x86)/cypress/psoc creator/4.4/psoc creator/import/gnu/arm/5.4.1/bin/../lib/gcc/arm-none-eabi/5.4.1/armv7-m/crtbegin.o
 .jcr           0x1fff80c8        0x4 c:/program files (x86)/cypress/psoc creator/4.4/psoc creator/import/gnu/arm/5.4.1/bin/../lib/gcc/arm-none-eabi/5.4.1/armv7-m/crtend.o
 *(.got.plt)
 *(.got)
 *(.shdata)
 *(.data .data.* .gnu.linkonce.d.*)
 .data          0x1fff80cc        0x4 .\CortexM3\ARM_GCC_541\Debug\Cm3Start.o
 .data          0x1fff80d0       0x10 .\CortexM3\ARM_GCC_541\Debug\G.a(CyLib.o)
                0x1fff80d0                cydelay_32k_ms
                0x1fff80d4                cydelay_freq_khz
                0x1fff80d8                cydelay_freq_mhz
                0x1fff80dc                cydelay_freq_hz
 .data.impure_data
                0x1fff80e0       0x60 c:/program files (x86)/cypress/psoc creator/4.4/psoc creator/import/gnu/arm/5.4.1/bin/../lib/gcc/arm-none-eabi/5.4.1/../../../../arm-none-eabi/lib/armv7-m\libg_nano.a(lib_a-impure.o)
 .data._impure_ptr
                0x1fff8140        0x4 c:/program files (x86)/cypress/psoc creator/4.4/psoc creator/import/gnu/arm/5.4.1/bin/../lib/gcc/arm-none-eabi/5.4.1/../../../../arm-none-eabi/lib/armv7-m\libg_nano.a(lib_a-impure.o)
                0x1fff8140                _impure_ptr
                0x1fff8148                . = ALIGN (0x8)
 *fill*         0x1fff8144        0x4 
 *(.ram)
                0x1fff8148                _edata = .

.igot.plt       0x1fff8148        0x0 load address 0x000012f8
 .igot.plt      0x1fff8148        0x0 c:/program files (x86)/cypress/psoc creator/4.4/psoc creator/import/gnu/arm/5.4.1/bin/../lib/gcc/arm-none-eabi/5.4.1/armv7-m/crtbegin.o

.bss            0x1fff8148       0x48 load address 0x000012f8
                0x1fff8148                PROVIDE (__bss_start__, .)
 *(.shbss)
 *(.bss .bss.* .gnu.linkonce.b.*)
 .bss           0x1fff8148       0x1c c:/program files (x86)/cypress/psoc creator/4.4/psoc creator/import/gnu/arm/5.4.1/bin/../lib/gcc/arm-none-eabi/5.4.1/armv7-m/crtbegin.o
 .bss           0x1fff8164        0x2 .\CortexM3\ARM_GCC_541\Debug\G.a(UART_1.o)
                0x1fff8164                UART_1_initVar
 .bss           0x1fff8166        0x1 .\CortexM3\ARM_GCC_541\Debug\G.a(ADC_SAR_1.o)
                0x1fff8166                ADC_SAR_1_initVar
 .bss           0x1fff8167        0x1 .\CortexM3\ARM_GCC_541\Debug\G.a(PWM_1.o)
                0x1fff8167                PWM_1_initVar
 .bss.__malloc_sbrk_start
                0x1fff8168        0x4 c:/program files (x86)/cypress/psoc creator/4.4/psoc creator/import/gnu/arm/5.4.1/bin/../lib/gcc/arm-none-eabi/5.4.1/../../../../arm-none-eabi/lib/armv7-m\libg_nano.a(lib_a-nano-mallocr.o)
                0x1fff8168                __malloc_sbrk_start
 .bss.__malloc_free_list
                0x1fff816c        0x4 c:/program files (x86)/cypress/psoc creator/4.4/psoc creator/import/gnu/arm/5.4.1/bin/../lib/gcc/arm-none-eabi/5.4.1/../../../../arm-none-eabi/lib/armv7-m\libg_nano.a(lib_a-nano-mallocr.o)
                0x1fff816c                __malloc_free_list
 *(COMMON)
 COMMON         0x1fff8170        0xc .\CortexM3\ARM_GCC_541\Debug\main.o
                0x1fff8170                buffer
 COMMON         0x1fff817c        0xa .\CortexM3\ARM_GCC_541\Debug\G.a(ADC_SAR_1.o)
                0x1fff817c                ADC_SAR_1_countsPerVolt
                0x1fff817e                ADC_SAR_1_shift
                0x1fff8180                ADC_SAR_1_countsPer10Volt
                0x1fff8184                ADC_SAR_1_offset
 *fill*         0x1fff8186        0x2 
 COMMON         0x1fff8188        0x4 c:/program files (x86)/cypress/psoc creator/4.4/psoc creator/import/gnu/arm/5.4.1/bin/../lib/gcc/arm-none-eabi/5.4.1/../../../../arm-none-eabi/lib/armv7-m\libg_nano.a(lib_a-reent.o)
                0x1fff8188                errno
                0x1fff8190                . = ALIGN (0x8)
 *fill*         0x1fff818c        0x4 
 *(.ram.b)
                0x1fff8190                _end = .
                0x1fff8190                __end = .
                0x1fff8190                PROVIDE (end, .)
                0x1fff8190                PROVIDE (__bss_end__, .)
                0x00001278                __cy_region_init_ram = LOADADDR (.data)
                0x00000080                __cy_region_init_size_ram = (_edata - ADDR (.data))
                0x00000048                __cy_region_zero_size_ram = (_end - _edata)

.heap           0x1fff8190       0x80 load address 0x000012f8
                0x1fff8190                . = _end
                0x1fff8210                . = (. + 0x80)
 *fill*         0x1fff8190       0x80 
                0x1fff8210                __cy_heap_limit = .

.stack          0x20007800      0x800
                0x20007800                __cy_stack_limit = .
                0x20008000                . = (. + 0x800)
 *fill*         0x20007800      0x800 
                0x00000001                ASSERT ((__cy_stack_limit >= __cy_heap_limit), region RAM overflowed with stack)
                0x00000000                cy_checksum_exclude_size = (CY_APPL_LOADABLE == 0x1)?SIZEOF (.cy_checksum_exclude):0x0
                0x00000001                ASSERT ((cy_checksum_exclude_size <= CY_CHECKSUM_EXCLUDE_SIZE), CY_BOOT: Section .cy_checksum_exclude size exceedes specified limit.)

.cyloadermeta
 *(.cyloadermeta)

.cyloadablemeta
 *(.cyloadablemeta)

.cyconfigecc    0x80000000      0x5a4
 *(.cyconfigecc)
 .cyconfigecc   0x80000000      0x5a4 .\CortexM3\ARM_GCC_541\Debug\cymetadata.o
                0x80000000                cy_meta_configecc

.cycustnvl      0x90000000        0x4
 *(.cycustnvl)
 .cycustnvl     0x90000000        0x4 .\CortexM3\ARM_GCC_541\Debug\cymetadata.o
                0x90000000                cy_meta_custnvl

.cywolatch      0x90100000        0x4
 *(.cywolatch)
 .cywolatch     0x90100000        0x4 .\CortexM3\ARM_GCC_541\Debug\cymetadata.o
                0x90100000                cy_meta_wonvl

.cyeeprom       0x90200000        0x0
 *(.cyeeprom)
                0x00000001                ASSERT ((. <= ((0x90200000 + ee_offset) + ee_size)), .cyeeprom data will not fit in EEPROM)

.cyflashprotect
                0x90400000      0x100
 *(.cyflashprotect)
 .cyflashprotect
                0x90400000      0x100 .\CortexM3\ARM_GCC_541\Debug\cymetadata.o
                0x90400000                cy_meta_flashprotect

.cymeta         0x90500000        0xc
 *(.cymeta)
 .cymeta        0x90500000        0xc .\CortexM3\ARM_GCC_541\Debug\cymetadata.o
                0x90500000                cy_metadata

.rel.dyn        0x000012f8        0x0 load address 0x9050000c
 .rel.iplt      0x000012f8        0x0 c:/program files (x86)/cypress/psoc creator/4.4/psoc creator/import/gnu/arm/5.4.1/bin/../lib/gcc/arm-none-eabi/5.4.1/armv7-m/crtbegin.o

.stab
 *(.stab)

.stabstr
 *(.stabstr)

.debug
 *(.debug)

.line
 *(.line)

.debug_srcinfo
 *(.debug_srcinfo)

.debug_sfnames
 *(.debug_sfnames)

.debug_aranges  0x00000000      0x8d0
 *(.debug_aranges)
 .debug_aranges
                0x00000000       0x28 .\CortexM3\ARM_GCC_541\Debug\main.o
 .debug_aranges
                0x00000028       0x58 .\CortexM3\ARM_GCC_541\Debug\cyfitter_cfg.o
 .debug_aranges
                0x00000080       0x18 .\CortexM3\ARM_GCC_541\Debug\cymetadata.o
 .debug_aranges
                0x00000098       0x48 .\CortexM3\ARM_GCC_541\Debug\Cm3Start.o
 .debug_aranges
                0x000000e0       0xf0 .\CortexM3\ARM_GCC_541\Debug\G.a(UART_1.o)
 .debug_aranges
                0x000001d0       0x70 .\CortexM3\ARM_GCC_541\Debug\G.a(UART_1_IntClock.o)
 .debug_aranges
                0x00000240      0x2a0 .\CortexM3\ARM_GCC_541\Debug\G.a(CyLib.o)
 .debug_aranges
                0x000004e0       0x98 .\CortexM3\ARM_GCC_541\Debug\G.a(cyPm.o)
 .debug_aranges
                0x00000578       0xa8 .\CortexM3\ARM_GCC_541\Debug\G.a(ADC_SAR_1.o)
 .debug_aranges
                0x00000620       0x20 .\CortexM3\ARM_GCC_541\Debug\G.a(ADC_SAR_1_INT.o)
 .debug_aranges
                0x00000640       0x80 .\CortexM3\ARM_GCC_541\Debug\G.a(ADC_SAR_1_theACLK.o)
 .debug_aranges
                0x000006c0       0x28 .\CortexM3\ARM_GCC_541\Debug\G.a(Control_Reg_1.o)
 .debug_aranges
                0x000006e8       0x28 .\CortexM3\ARM_GCC_541\Debug\G.a(Control_Reg_2.o)
 .debug_aranges
                0x00000710       0x98 .\CortexM3\ARM_GCC_541\Debug\G.a(PWM_1.o)
 .debug_aranges
                0x000007a8       0x20 .\CortexM3\ARM_GCC_541\Debug\G.a(CyBootAsmGnu.o)
 .debug_aranges
                0x000007c8       0x88 .\CortexM3\ARM_GCC_541\Debug\G.a(CyFlash.o)
 .debug_aranges
                0x00000850       0x80 .\CortexM3\ARM_GCC_541\Debug\G.a(CySpc.o)

.debug_pubnames
 *(.debug_pubnames)

.debug_info     0x00000000     0x4d33
 *(.debug_info .gnu.linkonce.wi.*)
 .debug_info    0x00000000      0x2a6 .\CortexM3\ARM_GCC_541\Debug\main.o
 .debug_info    0x000002a6      0x54d .\CortexM3\ARM_GCC_541\Debug\cyfitter_cfg.o
 .debug_info    0x000007f3      0x136 .\CortexM3\ARM_GCC_541\Debug\cymetadata.o
 .debug_info    0x00000929      0x3bb .\CortexM3\ARM_GCC_541\Debug\Cm3Start.o
 .debug_info    0x00000ce4      0x60c .\CortexM3\ARM_GCC_541\Debug\G.a(UART_1.o)
 .debug_info    0x000012f0      0x283 .\CortexM3\ARM_GCC_541\Debug\G.a(UART_1_IntClock.o)
 .debug_info    0x00001573     0x1374 .\CortexM3\ARM_GCC_541\Debug\G.a(CyLib.o)
 .debug_info    0x000028e7      0xa2a .\CortexM3\ARM_GCC_541\Debug\G.a(cyPm.o)
 .debug_info    0x00003311      0x5c0 .\CortexM3\ARM_GCC_541\Debug\G.a(ADC_SAR_1.o)
 .debug_info    0x000038d1       0x92 .\CortexM3\ARM_GCC_541\Debug\G.a(ADC_SAR_1_INT.o)
 .debug_info    0x00003963      0x2c4 .\CortexM3\ARM_GCC_541\Debug\G.a(ADC_SAR_1_theACLK.o)
 .debug_info    0x00003c27       0xd6 .\CortexM3\ARM_GCC_541\Debug\G.a(Control_Reg_1.o)
 .debug_info    0x00003cfd       0xd6 .\CortexM3\ARM_GCC_541\Debug\G.a(Control_Reg_2.o)
 .debug_info    0x00003dd3      0x334 .\CortexM3\ARM_GCC_541\Debug\G.a(PWM_1.o)
 .debug_info    0x00004107       0x8f .\CortexM3\ARM_GCC_541\Debug\G.a(CyBootAsmGnu.o)
 .debug_info    0x00004196      0x64d .\CortexM3\ARM_GCC_541\Debug\G.a(CyFlash.o)
 .debug_info    0x000047e3      0x550 .\CortexM3\ARM_GCC_541\Debug\G.a(CySpc.o)

.debug_abbrev   0x00000000     0x14c0
 *(.debug_abbrev)
 .debug_abbrev  0x00000000      0x123 .\CortexM3\ARM_GCC_541\Debug\main.o
 .debug_abbrev  0x00000123      0x1fe .\CortexM3\ARM_GCC_541\Debug\cyfitter_cfg.o
 .debug_abbrev  0x00000321       0x77 .\CortexM3\ARM_GCC_541\Debug\cymetadata.o
 .debug_abbrev  0x00000398      0x1e8 .\CortexM3\ARM_GCC_541\Debug\Cm3Start.o
 .debug_abbrev  0x00000580      0x175 .\CortexM3\ARM_GCC_541\Debug\G.a(UART_1.o)
 .debug_abbrev  0x000006f5      0x139 .\CortexM3\ARM_GCC_541\Debug\G.a(UART_1_IntClock.o)
 .debug_abbrev  0x0000082e      0x254 .\CortexM3\ARM_GCC_541\Debug\G.a(CyLib.o)
 .debug_abbrev  0x00000a82      0x1ab .\CortexM3\ARM_GCC_541\Debug\G.a(cyPm.o)
 .debug_abbrev  0x00000c2d      0x1ac .\CortexM3\ARM_GCC_541\Debug\G.a(ADC_SAR_1.o)
 .debug_abbrev  0x00000dd9       0x42 .\CortexM3\ARM_GCC_541\Debug\G.a(ADC_SAR_1_INT.o)
 .debug_abbrev  0x00000e1b      0x121 .\CortexM3\ARM_GCC_541\Debug\G.a(ADC_SAR_1_theACLK.o)
 .debug_abbrev  0x00000f3c       0x81 .\CortexM3\ARM_GCC_541\Debug\G.a(Control_Reg_1.o)
 .debug_abbrev  0x00000fbd       0x81 .\CortexM3\ARM_GCC_541\Debug\G.a(Control_Reg_2.o)
 .debug_abbrev  0x0000103e      0x133 .\CortexM3\ARM_GCC_541\Debug\G.a(PWM_1.o)
 .debug_abbrev  0x00001171       0x14 .\CortexM3\ARM_GCC_541\Debug\G.a(CyBootAsmGnu.o)
 .debug_abbrev  0x00001185      0x1a7 .\CortexM3\ARM_GCC_541\Debug\G.a(CyFlash.o)
 .debug_abbrev  0x0000132c      0x194 .\CortexM3\ARM_GCC_541\Debug\G.a(CySpc.o)

.debug_line     0x00000000     0x22ea
 *(.debug_line)
 .debug_line    0x00000000      0x267 .\CortexM3\ARM_GCC_541\Debug\main.o
 .debug_line    0x00000267      0x1eb .\CortexM3\ARM_GCC_541\Debug\cyfitter_cfg.o
 .debug_line    0x00000452      0x141 .\CortexM3\ARM_GCC_541\Debug\cymetadata.o
 .debug_line    0x00000593      0x234 .\CortexM3\ARM_GCC_541\Debug\Cm3Start.o
 .debug_line    0x000007c7      0x2c0 .\CortexM3\ARM_GCC_541\Debug\G.a(UART_1.o)
 .debug_line    0x00000a87      0x17e .\CortexM3\ARM_GCC_541\Debug\G.a(UART_1_IntClock.o)
 .debug_line    0x00000c05      0x816 .\CortexM3\ARM_GCC_541\Debug\G.a(CyLib.o)
 .debug_line    0x0000141b      0x367 .\CortexM3\ARM_GCC_541\Debug\G.a(cyPm.o)
 .debug_line    0x00001782      0x220 .\CortexM3\ARM_GCC_541\Debug\G.a(ADC_SAR_1.o)
 .debug_line    0x000019a2       0x56 .\CortexM3\ARM_GCC_541\Debug\G.a(ADC_SAR_1_INT.o)
 .debug_line    0x000019f8      0x1a3 .\CortexM3\ARM_GCC_541\Debug\G.a(ADC_SAR_1_theACLK.o)
 .debug_line    0x00001b9b       0x75 .\CortexM3\ARM_GCC_541\Debug\G.a(Control_Reg_1.o)
 .debug_line    0x00001c10       0x75 .\CortexM3\ARM_GCC_541\Debug\G.a(Control_Reg_2.o)
 .debug_line    0x00001c85      0x185 .\CortexM3\ARM_GCC_541\Debug\G.a(PWM_1.o)
 .debug_line    0x00001e0a       0x66 .\CortexM3\ARM_GCC_541\Debug\G.a(CyBootAsmGnu.o)
 .debug_line    0x00001e70      0x21a .\CortexM3\ARM_GCC_541\Debug\G.a(CyFlash.o)
 .debug_line    0x0000208a      0x260 .\CortexM3\ARM_GCC_541\Debug\G.a(CySpc.o)

.debug_frame    0x00000000     0x1a38
 *(.debug_frame)
 .debug_frame   0x00000000       0x4c .\CortexM3\ARM_GCC_541\Debug\main.o
 .debug_frame   0x0000004c       0xfc .\CortexM3\ARM_GCC_541\Debug\cyfitter_cfg.o
 .debug_frame   0x00000148       0xb8 .\CortexM3\ARM_GCC_541\Debug\Cm3Start.o
 .debug_frame   0x00000200      0x250 .\CortexM3\ARM_GCC_541\Debug\G.a(UART_1.o)
 .debug_frame   0x00000450       0xe0 .\CortexM3\ARM_GCC_541\Debug\G.a(UART_1_IntClock.o)
 .debug_frame   0x00000530      0x738 .\CortexM3\ARM_GCC_541\Debug\G.a(CyLib.o)
 .debug_frame   0x00000c68      0x1f8 .\CortexM3\ARM_GCC_541\Debug\G.a(cyPm.o)
 .debug_frame   0x00000e60      0x1b0 .\CortexM3\ARM_GCC_541\Debug\G.a(ADC_SAR_1.o)
 .debug_frame   0x00001010       0x20 .\CortexM3\ARM_GCC_541\Debug\G.a(ADC_SAR_1_INT.o)
 .debug_frame   0x00001030      0x100 .\CortexM3\ARM_GCC_541\Debug\G.a(ADC_SAR_1_theACLK.o)
 .debug_frame   0x00001130       0x30 .\CortexM3\ARM_GCC_541\Debug\G.a(Control_Reg_1.o)
 .debug_frame   0x00001160       0x30 .\CortexM3\ARM_GCC_541\Debug\G.a(Control_Reg_2.o)
 .debug_frame   0x00001190      0x134 .\CortexM3\ARM_GCC_541\Debug\G.a(PWM_1.o)
 .debug_frame   0x000012c4      0x194 .\CortexM3\ARM_GCC_541\Debug\G.a(CyFlash.o)
 .debug_frame   0x00001458      0x180 .\CortexM3\ARM_GCC_541\Debug\G.a(CySpc.o)
 .debug_frame   0x000015d8       0x44 c:/program files (x86)/cypress/psoc creator/4.4/psoc creator/import/gnu/arm/5.4.1/bin/../lib/gcc/arm-none-eabi/5.4.1/armv7-m\libgcc.a(_aeabi_ldivmod.o)
 .debug_frame   0x0000161c       0x38 c:/program files (x86)/cypress/psoc creator/4.4/psoc creator/import/gnu/arm/5.4.1/bin/../lib/gcc/arm-none-eabi/5.4.1/armv7-m\libgcc.a(_udivmoddi4.o)
 .debug_frame   0x00001654       0x20 c:/program files (x86)/cypress/psoc creator/4.4/psoc creator/import/gnu/arm/5.4.1/bin/../lib/gcc/arm-none-eabi/5.4.1/../../../../arm-none-eabi/lib/armv7-m\libg_nano.a(lib_a-errno.o)
 .debug_frame   0x00001674       0x28 c:/program files (x86)/cypress/psoc creator/4.4/psoc creator/import/gnu/arm/5.4.1/bin/../lib/gcc/arm-none-eabi/5.4.1/../../../../arm-none-eabi/lib/armv7-m\libg_nano.a(lib_a-exit.o)
 .debug_frame   0x0000169c       0x2c c:/program files (x86)/cypress/psoc creator/4.4/psoc creator/import/gnu/arm/5.4.1/bin/../lib/gcc/arm-none-eabi/5.4.1/../../../../arm-none-eabi/lib/armv7-m\libg_nano.a(lib_a-init.o)
 .debug_frame   0x000016c8       0x28 c:/program files (x86)/cypress/psoc creator/4.4/psoc creator/import/gnu/arm/5.4.1/bin/../lib/gcc/arm-none-eabi/5.4.1/../../../../arm-none-eabi/lib/armv7-m\libg_nano.a(lib_a-memcpy-stub.o)
 .debug_frame   0x000016f0       0x20 c:/program files (x86)/cypress/psoc creator/4.4/psoc creator/import/gnu/arm/5.4.1/bin/../lib/gcc/arm-none-eabi/5.4.1/../../../../arm-none-eabi/lib/armv7-m\libg_nano.a(lib_a-memset.o)
 .debug_frame   0x00001710       0x70 c:/program files (x86)/cypress/psoc creator/4.4/psoc creator/import/gnu/arm/5.4.1/bin/../lib/gcc/arm-none-eabi/5.4.1/../../../../arm-none-eabi/lib/armv7-m\libg_nano.a(lib_a-sprintf.o)
 .debug_frame   0x00001780       0x90 c:/program files (x86)/cypress/psoc creator/4.4/psoc creator/import/gnu/arm/5.4.1/bin/../lib/gcc/arm-none-eabi/5.4.1/../../../../arm-none-eabi/lib/armv7-m\libg_nano.a(lib_a-nano-svfprintf.o)
 .debug_frame   0x00001810       0x60 c:/program files (x86)/cypress/psoc creator/4.4/psoc creator/import/gnu/arm/5.4.1/bin/../lib/gcc/arm-none-eabi/5.4.1/../../../../arm-none-eabi/lib/armv7-m\libg_nano.a(lib_a-nano-vfprintf_i.o)
 .debug_frame   0x00001870       0x28 c:/program files (x86)/cypress/psoc creator/4.4/psoc creator/import/gnu/arm/5.4.1/bin/../lib/gcc/arm-none-eabi/5.4.1/../../../../arm-none-eabi/lib/armv7-m\libg_nano.a(lib_a-memchr-stub.o)
 .debug_frame   0x00001898       0x28 c:/program files (x86)/cypress/psoc creator/4.4/psoc creator/import/gnu/arm/5.4.1/bin/../lib/gcc/arm-none-eabi/5.4.1/../../../../arm-none-eabi/lib/armv7-m\libg_nano.a(lib_a-memmove.o)
 .debug_frame   0x000018c0       0x38 c:/program files (x86)/cypress/psoc creator/4.4/psoc creator/import/gnu/arm/5.4.1/bin/../lib/gcc/arm-none-eabi/5.4.1/../../../../arm-none-eabi/lib/armv7-m\libg_nano.a(lib_a-nano-freer.o)
 .debug_frame   0x000018f8       0x2c c:/program files (x86)/cypress/psoc creator/4.4/psoc creator/import/gnu/arm/5.4.1/bin/../lib/gcc/arm-none-eabi/5.4.1/../../../../arm-none-eabi/lib/armv7-m\libg_nano.a(lib_a-nano-mallocr.o)
 .debug_frame   0x00001924       0x3c c:/program files (x86)/cypress/psoc creator/4.4/psoc creator/import/gnu/arm/5.4.1/bin/../lib/gcc/arm-none-eabi/5.4.1/../../../../arm-none-eabi/lib/armv7-m\libg_nano.a(lib_a-nano-reallocr.o)
 .debug_frame   0x00001960       0x2c c:/program files (x86)/cypress/psoc creator/4.4/psoc creator/import/gnu/arm/5.4.1/bin/../lib/gcc/arm-none-eabi/5.4.1/../../../../arm-none-eabi/lib/armv7-m\libg_nano.a(lib_a-sbrkr.o)
 .debug_frame   0x0000198c       0x30 c:/program files (x86)/cypress/psoc creator/4.4/psoc creator/import/gnu/arm/5.4.1/bin/../lib/gcc/arm-none-eabi/5.4.1/../../../../arm-none-eabi/lib/armv7-m\libg_nano.a(lib_a-mlock.o)
 .debug_frame   0x000019bc       0x20 c:/program files (x86)/cypress/psoc creator/4.4/psoc creator/import/gnu/arm/5.4.1/bin/../lib/gcc/arm-none-eabi/5.4.1/../../../../arm-none-eabi/lib/armv7-m\libg_nano.a(lib_a-nano-msizer.o)
 .debug_frame   0x000019dc       0x5c c:/program files (x86)/cypress/psoc creator/4.4/psoc creator/import/gnu/arm/5.4.1/bin/../lib/gcc/arm-none-eabi/5.4.1/../../../../arm-none-eabi/lib/armv7-m\libg_nano.a(lib_a-reent.o)

.debug_str      0x00000000     0x1de6
 *(.debug_str)
 .debug_str     0x00000000      0x255 .\CortexM3\ARM_GCC_541\Debug\main.o
                                0x29d (size before relaxing)
 .debug_str     0x00000255      0x18a .\CortexM3\ARM_GCC_541\Debug\cyfitter_cfg.o
                                0x318 (size before relaxing)
 .debug_str     0x000003df       0x7f .\CortexM3\ARM_GCC_541\Debug\cymetadata.o
                                0x1e3 (size before relaxing)
 .debug_str     0x0000045e      0x144 .\CortexM3\ARM_GCC_541\Debug\Cm3Start.o
                                0x309 (size before relaxing)
 .debug_str     0x000005a2      0x2f4 .\CortexM3\ARM_GCC_541\Debug\G.a(UART_1.o)
                                0x4b2 (size before relaxing)
 .debug_str     0x00000896      0x19d .\CortexM3\ARM_GCC_541\Debug\G.a(UART_1_IntClock.o)
                                0x34d (size before relaxing)
 .debug_str     0x00000a33      0x800 .\CortexM3\ARM_GCC_541\Debug\G.a(CyLib.o)
                                0xa46 (size before relaxing)
 .debug_str     0x00001233      0x365 .\CortexM3\ARM_GCC_541\Debug\G.a(cyPm.o)
                                0x732 (size before relaxing)
 .debug_str     0x00001598      0x212 .\CortexM3\ARM_GCC_541\Debug\G.a(ADC_SAR_1.o)
                                0x4bc (size before relaxing)
 .debug_str     0x000017aa       0x35 .\CortexM3\ARM_GCC_541\Debug\G.a(ADC_SAR_1_INT.o)
                                0x19a (size before relaxing)
 .debug_str     0x000017df      0x1bc .\CortexM3\ARM_GCC_541\Debug\G.a(ADC_SAR_1_theACLK.o)
                                0x3b4 (size before relaxing)
 .debug_str     0x0000199b       0x3a .\CortexM3\ARM_GCC_541\Debug\G.a(Control_Reg_1.o)
                                0x1c6 (size before relaxing)
 .debug_str     0x000019d5       0x3a .\CortexM3\ARM_GCC_541\Debug\G.a(Control_Reg_2.o)
                                0x1c6 (size before relaxing)
 .debug_str     0x00001a0f      0x177 .\CortexM3\ARM_GCC_541\Debug\G.a(PWM_1.o)
                                0x350 (size before relaxing)
 .debug_str     0x00001b86      0x1b4 .\CortexM3\ARM_GCC_541\Debug\G.a(CyFlash.o)
                                0x3bf (size before relaxing)
 .debug_str     0x00001d3a       0xac .\CortexM3\ARM_GCC_541\Debug\G.a(CySpc.o)
                                0x337 (size before relaxing)

.debug_loc      0x00000000     0x21c3
 *(.debug_loc)
 .debug_loc     0x00000000       0x4a .\CortexM3\ARM_GCC_541\Debug\main.o
 .debug_loc     0x0000004a      0x1fd .\CortexM3\ARM_GCC_541\Debug\cyfitter_cfg.o
 .debug_loc     0x00000247      0x144 .\CortexM3\ARM_GCC_541\Debug\Cm3Start.o
 .debug_loc     0x0000038b      0x258 .\CortexM3\ARM_GCC_541\Debug\G.a(UART_1.o)
 .debug_loc     0x000005e3      0x12c .\CortexM3\ARM_GCC_541\Debug\G.a(UART_1_IntClock.o)
 .debug_loc     0x0000070f      0xa11 .\CortexM3\ARM_GCC_541\Debug\G.a(CyLib.o)
 .debug_loc     0x00001120      0x1e4 .\CortexM3\ARM_GCC_541\Debug\G.a(cyPm.o)
 .debug_loc     0x00001304      0x295 .\CortexM3\ARM_GCC_541\Debug\G.a(ADC_SAR_1.o)
 .debug_loc     0x00001599      0x14d .\CortexM3\ARM_GCC_541\Debug\G.a(ADC_SAR_1_theACLK.o)
 .debug_loc     0x000016e6       0x26 .\CortexM3\ARM_GCC_541\Debug\G.a(PWM_1.o)
 .debug_loc     0x0000170c      0x3b2 .\CortexM3\ARM_GCC_541\Debug\G.a(CyFlash.o)
 .debug_loc     0x00001abe      0x705 .\CortexM3\ARM_GCC_541\Debug\G.a(CySpc.o)

.debug_macinfo
 *(.debug_macinfo)

.debug_ranges   0x00000000      0x7a8
 *(.debug_ranges)
 .debug_ranges  0x00000000       0x18 .\CortexM3\ARM_GCC_541\Debug\main.o
 .debug_ranges  0x00000018       0x48 .\CortexM3\ARM_GCC_541\Debug\cyfitter_cfg.o
 .debug_ranges  0x00000060       0x38 .\CortexM3\ARM_GCC_541\Debug\Cm3Start.o
 .debug_ranges  0x00000098       0xe0 .\CortexM3\ARM_GCC_541\Debug\G.a(UART_1.o)
 .debug_ranges  0x00000178       0x60 .\CortexM3\ARM_GCC_541\Debug\G.a(UART_1_IntClock.o)
 .debug_ranges  0x000001d8      0x290 .\CortexM3\ARM_GCC_541\Debug\G.a(CyLib.o)
 .debug_ranges  0x00000468       0x88 .\CortexM3\ARM_GCC_541\Debug\G.a(cyPm.o)
 .debug_ranges  0x000004f0       0x98 .\CortexM3\ARM_GCC_541\Debug\G.a(ADC_SAR_1.o)
 .debug_ranges  0x00000588       0x10 .\CortexM3\ARM_GCC_541\Debug\G.a(ADC_SAR_1_INT.o)
 .debug_ranges  0x00000598       0x70 .\CortexM3\ARM_GCC_541\Debug\G.a(ADC_SAR_1_theACLK.o)
 .debug_ranges  0x00000608       0x18 .\CortexM3\ARM_GCC_541\Debug\G.a(Control_Reg_1.o)
 .debug_ranges  0x00000620       0x18 .\CortexM3\ARM_GCC_541\Debug\G.a(Control_Reg_2.o)
 .debug_ranges  0x00000638       0x88 .\CortexM3\ARM_GCC_541\Debug\G.a(PWM_1.o)
 .debug_ranges  0x000006c0       0x78 .\CortexM3\ARM_GCC_541\Debug\G.a(CyFlash.o)
 .debug_ranges  0x00000738       0x70 .\CortexM3\ARM_GCC_541\Debug\G.a(CySpc.o)

.comment        0x00000000       0x6e
 .comment       0x00000000       0x6e .\CortexM3\ARM_GCC_541\Debug\main.o
                                 0x6f (size before relaxing)
 .comment       0x0000006e       0x6f .\CortexM3\ARM_GCC_541\Debug\cyfitter_cfg.o
 .comment       0x0000006e       0x6f .\CortexM3\ARM_GCC_541\Debug\cymetadata.o
 .comment       0x0000006e       0x6f .\CortexM3\ARM_GCC_541\Debug\Cm3Start.o
 .comment       0x0000006e       0x6f .\CortexM3\ARM_GCC_541\Debug\G.a(UART_1.o)
 .comment       0x0000006e       0x6f .\CortexM3\ARM_GCC_541\Debug\G.a(UART_1_IntClock.o)
 .comment       0x0000006e       0x6f .\CortexM3\ARM_GCC_541\Debug\G.a(CyLib.o)
 .comment       0x0000006e       0x6f .\CortexM3\ARM_GCC_541\Debug\G.a(cyPm.o)
 .comment       0x0000006e       0x6f .\CortexM3\ARM_GCC_541\Debug\G.a(ADC_SAR_1.o)
 .comment       0x0000006e       0x6f .\CortexM3\ARM_GCC_541\Debug\G.a(ADC_SAR_1_INT.o)
 .comment       0x0000006e       0x6f .\CortexM3\ARM_GCC_541\Debug\G.a(ADC_SAR_1_theACLK.o)
 .comment       0x0000006e       0x6f .\CortexM3\ARM_GCC_541\Debug\G.a(Control_Reg_1.o)
 .comment       0x0000006e       0x6f .\CortexM3\ARM_GCC_541\Debug\G.a(Control_Reg_2.o)
 .comment       0x0000006e       0x6f .\CortexM3\ARM_GCC_541\Debug\G.a(PWM_1.o)
 .comment       0x0000006e       0x6f .\CortexM3\ARM_GCC_541\Debug\G.a(CyFlash.o)
 .comment       0x0000006e       0x6f .\CortexM3\ARM_GCC_541\Debug\G.a(CySpc.o)

.debug_weaknames
 *(.debug_weaknames)

.debug_funcnames
 *(.debug_funcnames)

.debug_typenames
 *(.debug_typenames)

.debug_varnames
 *(.debug_varnames)

.note.gnu.arm.ident
 *(.note.gnu.arm.ident)

.ARM.attributes
                0x00000000       0x29
 *(.ARM.attributes)
 .ARM.attributes
                0x00000000       0x1d c:/program files (x86)/cypress/psoc creator/4.4/psoc creator/import/gnu/arm/5.4.1/bin/../lib/gcc/arm-none-eabi/5.4.1/armv7-m/crti.o
 .ARM.attributes
                0x0000001d       0x2d c:/program files (x86)/cypress/psoc creator/4.4/psoc creator/import/gnu/arm/5.4.1/bin/../lib/gcc/arm-none-eabi/5.4.1/armv7-m/crtbegin.o
 .ARM.attributes
                0x0000004a       0x1b c:/program files (x86)/cypress/psoc creator/4.4/psoc creator/import/gnu/arm/5.4.1/bin/../lib/gcc/arm-none-eabi/5.4.1/../../../../arm-none-eabi/lib/armv7-m/crt0.o
 .ARM.attributes
                0x00000065       0x33 .\CortexM3\ARM_GCC_541\Debug\main.o
 .ARM.attributes
                0x00000098       0x33 .\CortexM3\ARM_GCC_541\Debug\cyfitter_cfg.o
 .ARM.attributes
                0x000000cb       0x33 .\CortexM3\ARM_GCC_541\Debug\cymetadata.o
 .ARM.attributes
                0x000000fe       0x33 .\CortexM3\ARM_GCC_541\Debug\Cm3Start.o
 .ARM.attributes
                0x00000131       0x33 .\CortexM3\ARM_GCC_541\Debug\G.a(UART_1.o)
 .ARM.attributes
                0x00000164       0x33 .\CortexM3\ARM_GCC_541\Debug\G.a(UART_1_IntClock.o)
 .ARM.attributes
                0x00000197       0x33 .\CortexM3\ARM_GCC_541\Debug\G.a(CyLib.o)
 .ARM.attributes
                0x000001ca       0x33 .\CortexM3\ARM_GCC_541\Debug\G.a(cyPm.o)
 .ARM.attributes
                0x000001fd       0x33 .\CortexM3\ARM_GCC_541\Debug\G.a(ADC_SAR_1.o)
 .ARM.attributes
                0x00000230       0x33 .\CortexM3\ARM_GCC_541\Debug\G.a(ADC_SAR_1_INT.o)
 .ARM.attributes
                0x00000263       0x33 .\CortexM3\ARM_GCC_541\Debug\G.a(ADC_SAR_1_theACLK.o)
 .ARM.attributes
                0x00000296       0x33 .\CortexM3\ARM_GCC_541\Debug\G.a(Control_Reg_1.o)
 .ARM.attributes
                0x000002c9       0x33 .\CortexM3\ARM_GCC_541\Debug\G.a(Control_Reg_2.o)
 .ARM.attributes
                0x000002fc       0x33 .\CortexM3\ARM_GCC_541\Debug\G.a(PWM_1.o)
 .ARM.attributes
                0x0000032f       0x21 .\CortexM3\ARM_GCC_541\Debug\G.a(CyBootAsmGnu.o)
 .ARM.attributes
                0x00000350       0x33 .\CortexM3\ARM_GCC_541\Debug\G.a(CyFlash.o)
 .ARM.attributes
                0x00000383       0x33 .\CortexM3\ARM_GCC_541\Debug\G.a(CySpc.o)
 .ARM.attributes
                0x000003b6       0x1d c:/program files (x86)/cypress/psoc creator/4.4/psoc creator/import/gnu/arm/5.4.1/bin/../lib/gcc/arm-none-eabi/5.4.1/armv7-m\libgcc.a(_arm_addsubsf3.o)
 .ARM.attributes
                0x000003d3       0x1d c:/program files (x86)/cypress/psoc creator/4.4/psoc creator/import/gnu/arm/5.4.1/bin/../lib/gcc/arm-none-eabi/5.4.1/armv7-m\libgcc.a(_arm_muldivsf3.o)
 .ARM.attributes
                0x000003f0       0x1d c:/program files (x86)/cypress/psoc creator/4.4/psoc creator/import/gnu/arm/5.4.1/bin/../lib/gcc/arm-none-eabi/5.4.1/armv7-m\libgcc.a(_aeabi_ldivmod.o)
 .ARM.attributes
                0x0000040d       0x2d c:/program files (x86)/cypress/psoc creator/4.4/psoc creator/import/gnu/arm/5.4.1/bin/../lib/gcc/arm-none-eabi/5.4.1/armv7-m\libgcc.a(_udivmoddi4.o)
 .ARM.attributes
                0x0000043a       0x1d c:/program files (x86)/cypress/psoc creator/4.4/psoc creator/import/gnu/arm/5.4.1/bin/../lib/gcc/arm-none-eabi/5.4.1/armv7-m\libgcc.a(_dvmd_tls.o)
 .ARM.attributes
                0x00000457       0x2d c:/program files (x86)/cypress/psoc creator/4.4/psoc creator/import/gnu/arm/5.4.1/bin/../lib/gcc/arm-none-eabi/5.4.1/../../../../arm-none-eabi/lib/armv7-m\libg_nano.a(lib_a-errno.o)
 .ARM.attributes
                0x00000484       0x2d c:/program files (x86)/cypress/psoc creator/4.4/psoc creator/import/gnu/arm/5.4.1/bin/../lib/gcc/arm-none-eabi/5.4.1/../../../../arm-none-eabi/lib/armv7-m\libg_nano.a(lib_a-exit.o)
 .ARM.attributes
                0x000004b1       0x2d c:/program files (x86)/cypress/psoc creator/4.4/psoc creator/import/gnu/arm/5.4.1/bin/../lib/gcc/arm-none-eabi/5.4.1/../../../../arm-none-eabi/lib/armv7-m\libg_nano.a(lib_a-impure.o)
 .ARM.attributes
                0x000004de       0x2d c:/program files (x86)/cypress/psoc creator/4.4/psoc creator/import/gnu/arm/5.4.1/bin/../lib/gcc/arm-none-eabi/5.4.1/../../../../arm-none-eabi/lib/armv7-m\libg_nano.a(lib_a-init.o)
 .ARM.attributes
                0x0000050b       0x2d c:/program files (x86)/cypress/psoc creator/4.4/psoc creator/import/gnu/arm/5.4.1/bin/../lib/gcc/arm-none-eabi/5.4.1/../../../../arm-none-eabi/lib/armv7-m\libg_nano.a(lib_a-memcpy-stub.o)
 .ARM.attributes
                0x00000538       0x2d c:/program files (x86)/cypress/psoc creator/4.4/psoc creator/import/gnu/arm/5.4.1/bin/../lib/gcc/arm-none-eabi/5.4.1/../../../../arm-none-eabi/lib/armv7-m\libg_nano.a(lib_a-memset.o)
 .ARM.attributes
                0x00000565       0x2d c:/program files (x86)/cypress/psoc creator/4.4/psoc creator/import/gnu/arm/5.4.1/bin/../lib/gcc/arm-none-eabi/5.4.1/../../../../arm-none-eabi/lib/armv7-m\libg_nano.a(lib_a-sprintf.o)
 .ARM.attributes
                0x00000592       0x2d c:/program files (x86)/cypress/psoc creator/4.4/psoc creator/import/gnu/arm/5.4.1/bin/../lib/gcc/arm-none-eabi/5.4.1/../../../../arm-none-eabi/lib/armv7-m\libg_nano.a(lib_a-nano-svfprintf.o)
 .ARM.attributes
                0x000005bf       0x2d c:/program files (x86)/cypress/psoc creator/4.4/psoc creator/import/gnu/arm/5.4.1/bin/../lib/gcc/arm-none-eabi/5.4.1/../../../../arm-none-eabi/lib/armv7-m\libg_nano.a(lib_a-nano-vfprintf_i.o)
 .ARM.attributes
                0x000005ec       0x2d c:/program files (x86)/cypress/psoc creator/4.4/psoc creator/import/gnu/arm/5.4.1/bin/../lib/gcc/arm-none-eabi/5.4.1/../../../../arm-none-eabi/lib/armv7-m\libg_nano.a(lib_a-memchr-stub.o)
 .ARM.attributes
                0x00000619       0x2d c:/program files (x86)/cypress/psoc creator/4.4/psoc creator/import/gnu/arm/5.4.1/bin/../lib/gcc/arm-none-eabi/5.4.1/../../../../arm-none-eabi/lib/armv7-m\libg_nano.a(lib_a-memmove.o)
 .ARM.attributes
                0x00000646       0x2d c:/program files (x86)/cypress/psoc creator/4.4/psoc creator/import/gnu/arm/5.4.1/bin/../lib/gcc/arm-none-eabi/5.4.1/../../../../arm-none-eabi/lib/armv7-m\libg_nano.a(lib_a-nano-freer.o)
 .ARM.attributes
                0x00000673       0x2d c:/program files (x86)/cypress/psoc creator/4.4/psoc creator/import/gnu/arm/5.4.1/bin/../lib/gcc/arm-none-eabi/5.4.1/../../../../arm-none-eabi/lib/armv7-m\libg_nano.a(lib_a-nano-mallocr.o)
 .ARM.attributes
                0x000006a0       0x2d c:/program files (x86)/cypress/psoc creator/4.4/psoc creator/import/gnu/arm/5.4.1/bin/../lib/gcc/arm-none-eabi/5.4.1/../../../../arm-none-eabi/lib/armv7-m\libg_nano.a(lib_a-nano-reallocr.o)
 .ARM.attributes
                0x000006cd       0x2d c:/program files (x86)/cypress/psoc creator/4.4/psoc creator/import/gnu/arm/5.4.1/bin/../lib/gcc/arm-none-eabi/5.4.1/../../../../arm-none-eabi/lib/armv7-m\libg_nano.a(lib_a-sbrkr.o)
 .ARM.attributes
                0x000006fa       0x2d c:/program files (x86)/cypress/psoc creator/4.4/psoc creator/import/gnu/arm/5.4.1/bin/../lib/gcc/arm-none-eabi/5.4.1/../../../../arm-none-eabi/lib/armv7-m\libg_nano.a(lib_a-mlock.o)
 .ARM.attributes
                0x00000727       0x2d c:/program files (x86)/cypress/psoc creator/4.4/psoc creator/import/gnu/arm/5.4.1/bin/../lib/gcc/arm-none-eabi/5.4.1/../../../../arm-none-eabi/lib/armv7-m\libg_nano.a(lib_a-nano-msizer.o)
 .ARM.attributes
                0x00000754       0x2d c:/program files (x86)/cypress/psoc creator/4.4/psoc creator/import/gnu/arm/5.4.1/bin/../lib/gcc/arm-none-eabi/5.4.1/../../../../arm-none-eabi/lib/armv7-m\libg_nano.a(lib_a-reent.o)
 .ARM.attributes
                0x00000781       0x2d c:/program files (x86)/cypress/psoc creator/4.4/psoc creator/import/gnu/arm/5.4.1/bin/../lib/gcc/arm-none-eabi/5.4.1/armv7-m/crtend.o
 .ARM.attributes
                0x000007ae       0x1d c:/program files (x86)/cypress/psoc creator/4.4/psoc creator/import/gnu/arm/5.4.1/bin/../lib/gcc/arm-none-eabi/5.4.1/armv7-m/crtn.o

/DISCARD/
 *(.note.GNU-stack)
OUTPUT(C:\Users\atill\OneDrive\Documenten\PSoC Creator\Homework\G.cydsn\CortexM3\ARM_GCC_541\Debug\G.elf elf32-littlearm)
